
Map of Debug\stm.sm8 from link file Debug\stm.lkf - Fri Mar 22 17:42:24 2013


                               --------
                               Segments
                               --------

start 00008080 end 00008a00 length  2432 segment .const
start 00008a03 end 00009ad0 length  4301 segment .text
start 00004000 end 00004000 length     0 segment .eeprom
start 00000000 end 00000000 length     0 segment .bsct
start 00000000 end 0000001a length    26 segment .ubsct
start 0000001a end 0000001a length     0 segment .bit
start 0000001a end 0000001a length     0 segment .share
start 00000100 end 00000100 length     0 segment .data
start 00000100 end 00000100 length     0 segment .bss
start 00000000 end 000074e5 length 29925 segment .debug
start 00008000 end 00008080 length   128 segment .const
start 00008a00 end 00008a03 length     3 segment .init


                               -------
                               Modules
                               -------

D:\Program Files\COSMIC\CXSTM8\Lib\crtsi0.sm8:
start 00008a03 end 00008a4e length    75 section .text
start 00000100 end 00000100 length     0 section .bss
start 00000000 end 00000000 length     0 section .ubsct

Debug\lcd_lib.o:
start 00000000 end 000000c2 length   194 section .debug
start 00008080 end 00008960 length  2272 section .const

Debug\ltm022a69b.o:
start 00008a4e end 00009449 length  2555 section .text
start 000000c2 end 00002e5f length 11677 section .debug
start 00008960 end 00008974 length    20 section .const

Debug\system.o:
start 00009449 end 00009495 length    76 section .text
start 00002e5f end 00002fb3 length   340 section .debug

Debug\touch.o:
start 00009495 end 00009749 length   692 section .text
start 00000000 end 0000000f length    15 section .ubsct
start 00002fb3 end 00005463 length  9392 section .debug
start 00008974 end 00008984 length    16 section .const

Debug\main.o:
start 00009749 end 00009879 length   304 section .text
start 0000000f end 00000010 length     1 section .ubsct
start 00005463 end 0000737a length  7959 section .debug
start 00008984 end 00008a00 length   124 section .const

(D:\Program Files\COSMIC\CXSTM8\Lib\libm0.sm8)lgmul.o:
start 00009879 end 00009881 length     8 section .text

(D:\Program Files\COSMIC\CXSTM8\Lib\libm0.sm8)lmul.o:
start 00009881 end 0000990c length   139 section .text

(D:\Program Files\COSMIC\CXSTM8\Lib\libm0.sm8)lreg.o:
start 00000010 end 00000014 length     4 section .ubsct

(D:\Program Files\COSMIC\CXSTM8\Lib\libm0.sm8)lsub.o:
start 0000990c end 00009924 length    24 section .text

(D:\Program Files\COSMIC\CXSTM8\Lib\libm0.sm8)ltor.o:
start 00009924 end 00009936 length    18 section .text

(D:\Program Files\COSMIC\CXSTM8\Lib\libm0.sm8)ludiv.o:
start 00009936 end 0000994a length    20 section .text

(D:\Program Files\COSMIC\CXSTM8\Lib\libm0.sm8)ldiv.o:
start 0000994a end 00009a35 length   235 section .text

(D:\Program Files\COSMIC\CXSTM8\Lib\libm0.sm8)lgneg.o:
start 00009a35 end 00009a48 length    19 section .text

(D:\Program Files\COSMIC\CXSTM8\Lib\libm0.sm8)lneg.o:
start 00009a48 end 00009a5d length    21 section .text

(D:\Program Files\COSMIC\CXSTM8\Lib\libm0.sm8)lumod.o:
start 00009a5d end 00009a77 length    26 section .text

(D:\Program Files\COSMIC\CXSTM8\Lib\libm0.sm8)rtol.o:
start 00009a77 end 00009a89 length    18 section .text

(D:\Program Files\COSMIC\CXSTM8\Lib\libm0.sm8)smul.o:
start 00009a89 end 00009ac8 length    63 section .text

(D:\Program Files\COSMIC\CXSTM8\Lib\libm0.sm8)utolx.o:
start 00009ac8 end 00009acf length     7 section .text

(D:\Program Files\COSMIC\CXSTM8\Lib\libm0.sm8)xreg.o:
start 00000014 end 00000017 length     3 section .ubsct

(D:\Program Files\COSMIC\CXSTM8\Lib\libm0.sm8)yreg.o:
start 00000017 end 0000001a length     3 section .ubsct

Debug\stm8_interrupt_vector.o:
start 00009acf end 00009ad0 length     1 section .text
start 0000737a end 000074e5 length   363 section .debug
start 00008000 end 00008080 length   128 section .const


                             -----------
                             Stack usage
                             -----------

Debug\ltm022a69b.o:
_LCD_SEND_COMMAND           8   (6)
_LCD_WRITE_COMMAND          8   (6)
_LCD_WRITE_DATA             6   (4)
_LCD_WRITE_REG              8   (6)
_SPI0_Init                  2   (2)
_SPI0_communication         2   (2)
_Swap                       8   (8)
_lcd_clear_area        >   23   (15)
_lcd_clear_screen          16   (8)
_lcd_ctrl_port_init         2   (2)
_lcd_display_GB2312    >   22   (14)
_lcd_display_char          22   (14)
_lcd_display_image     >   25   (17)
_lcd_display_number        40   (18)
_lcd_display_string        32   (10)
_lcd_display_test      >   25   (9)
_lcd_draw_bigdot           23   (8)
_lcd_draw_dot              15   (7)
_lcd_draw_line         >   47   (32)
_lcd_init                  18   (2)
_lcd_set_cursor        >   13   (5)
_mypow                     13   (8)

Debug\main.o:
_display_touch_debug   >   42   (2)
_main                  >   74   (2)

Debug\stm8_interrupt_vector.o:
f_NonHandledInterrupt  >    5   (5)

Debug\system.o:
_delay_ms              >    5   (5)
_delay_us                   5   (5)

Debug\touch.o:
_GetTouchADC               12   (7)
_GetTouchADCEx             45   (33)
_Read_ADS                  55   (10)
_Read_ADS2                 70   (15)
_Read_Continue             72   (2)
_Read_Once             >   72   (2)
_TOUCH_WRITE_COMMAND   >    8   (6)
_TOUCH_WRITE_DATA      >    6   (4)
_TOUCH_WRITE_REG       >    6   (4)
_TOUCH_init                 2   (2)
_convert_ad_to_xy          16   (2)

Stack size: 79


                              ---------
                              Call tree
                              ---------
   1 > _Read_Once: (2)
   2      + _Read_ADS2: (15)
   3      |    + _Read_ADS: (10)
   4      |    |    + _GetTouchADCEx: (33)
   5      |    |    |    + _GetTouchADC: (7)
   6      |    |    |    |    + _SPI0_communication: (2)
   7      |    |    |    |    + _delay_us: (5)
          |    |    |    | 
          |    |    | 
          |    | 
          | 
   8      + _convert_ad_to_xy: (2)
       
   9 > _TOUCH_WRITE_COMMAND: (6)
  10      + _SPI0_communication --> 6
       
  11 > _TOUCH_WRITE_DATA: (4)
  12      + _SPI0_communication --> 6
       
  13 > _TOUCH_WRITE_REG: (4)
  14      + _SPI0_communication --> 6
       
  15 > __stext: (0)

  16 > _delay_ms: (5)

  17 > _display_touch_debug: (2)
  18      + _lcd_display_number: (18)
  19      |    + _lcd_display_char: (14)
  20      |    |    + _LCD_WRITE_COMMAND: (6)
  21      |    |    |    + _SPI0_communication --> 6
          |    |    | 
  22      |    |    + _LCD_WRITE_DATA: (4)
  23      |    |    |    + _SPI0_communication --> 6
          |    |    | 
  24      |    |    + _LCD_WRITE_REG: (6)
  25      |    |    |    + _SPI0_communication --> 6
          |    |    | 
          |    | 
  26      |    + _mypow: (8)
          | 
  27      + _lcd_display_string: (10)
  28      |    + _lcd_display_char --> 19
          | 
       
  29 > _lcd_clear_area: (15)
  30      + _LCD_WRITE_COMMAND --> 20
  31      + _LCD_WRITE_DATA --> 22
  32      + _LCD_WRITE_REG --> 24
       
  33 > _lcd_display_GB2312: (14)
  34      + _LCD_WRITE_COMMAND --> 20
  35      + _LCD_WRITE_DATA --> 22
  36      + _LCD_WRITE_REG --> 24
       
  37 > _lcd_display_image: (17)
  38      + _LCD_WRITE_COMMAND --> 20
  39      + _LCD_WRITE_DATA --> 22
  40      + _LCD_WRITE_REG --> 24
       
  41 > _lcd_display_test: (9)
  42      + _LCD_WRITE_COMMAND --> 20
  43      + _LCD_WRITE_DATA --> 22
  44      + _LCD_WRITE_REG --> 24
  45      + _delay_us --> 7
  46      + _lcd_clear_screen: (8)
  47      |    + _LCD_WRITE_COMMAND --> 20
  48      |    + _LCD_WRITE_DATA --> 22
  49      |    + _LCD_WRITE_REG --> 24
          | 
       
  50 > _lcd_draw_line: (32)
  51      + _Swap: (8)
  52      + _lcd_draw_dot: (7)
  53      |    + _LCD_SEND_COMMAND: (6)
  54      |    |    + _SPI0_communication --> 6
          |    | 
  55      |    + _LCD_WRITE_DATA --> 22
  56      |    + _LCD_WRITE_REG --> 24
          | 
       
  57 > _lcd_set_cursor: (5)
  58      + _LCD_WRITE_COMMAND --> 20
       
  59 > _main: (2)
  60      + _Read_Continue: (2)
  61      |    + _Read_ADS2 --> 2
  62      |    + _convert_ad_to_xy --> 8
          | 
  63      + _TOUCH_init: (2)
  64      + _lcd_display_string --> 27
  65      + _lcd_draw_bigdot: (8)
  66      |    + _lcd_draw_dot --> 52
          | 
  67      + _lcd_init: (2)
  68      |    + _LCD_WRITE_COMMAND --> 20
  69      |    + _SPI0_Init: (2)
  70      |    + _delay_us --> 7
  71      |    + _lcd_clear_screen --> 46
  72      |    + _lcd_ctrl_port_init: (2)
          | 
       
  73 > f_NonHandledInterrupt: (5)

  74   _GetTouchADC --> 5

  75   _GetTouchADCEx --> 4

  76   _LCD_SEND_COMMAND --> 53

  77   _LCD_WRITE_COMMAND --> 20

  78   _LCD_WRITE_DATA --> 22

  79   _LCD_WRITE_REG --> 24

  80   _Read_ADS --> 3

  81   _Read_ADS2 --> 2

  82   _Read_Continue --> 60

  83   _SPI0_Init --> 69

  84   _SPI0_communication --> 6

  85   _Swap --> 51

  86   _TOUCH_init --> 63

  87   _convert_ad_to_xy --> 8

  88   _delay_us --> 7

  89   _lcd_clear_screen --> 46

  90   _lcd_ctrl_port_init --> 72

  91   _lcd_display_char --> 19

  92   _lcd_display_number --> 18

  93   _lcd_display_string --> 27

  94   _lcd_draw_bigdot --> 65

  95   _lcd_draw_dot --> 52

  96   _lcd_init --> 67

  97   _mypow --> 26



                               -------
                               Symbols
                               -------

_ADC_CR1                00005401   defined in Debug\ltm022a69b.o
_ADC_CR2                00005402   defined in Debug\ltm022a69b.o
_ADC_CSR                00005400   defined in Debug\ltm022a69b.o
_ADC_DR                 00005404   defined in Debug\ltm022a69b.o
_ADC_DRH                00005404   defined in Debug\ltm022a69b.o
_ADC_DRL                00005405   defined in Debug\ltm022a69b.o
_ADC_TDR                00005406   defined in Debug\ltm022a69b.o
_ADC_TDRH               00005406   defined in Debug\ltm022a69b.o
_ADC_TDRL               00005407   defined in Debug\ltm022a69b.o
_AWU_APR                000050f1   defined in Debug\ltm022a69b.o
_AWU_CSR                000050f0   defined in Debug\ltm022a69b.o
_AWU_TBR                000050f2   defined in Debug\ltm022a69b.o
_BEEP_CSR               000050f3   defined in Debug\ltm022a69b.o
_CAN_DGR                00005426   defined in Debug\ltm022a69b.o
_CAN_FPSR               00005427   defined in Debug\ltm022a69b.o
_CAN_IER                00005425   defined in Debug\ltm022a69b.o
_CAN_MCR                00005420   defined in Debug\ltm022a69b.o
_CAN_MSR                00005421   defined in Debug\ltm022a69b.o
_CAN_P0                 00005428   defined in Debug\ltm022a69b.o
_CAN_P1                 00005429   defined in Debug\ltm022a69b.o
_CAN_P2                 0000542a   defined in Debug\ltm022a69b.o
_CAN_P3                 0000542b   defined in Debug\ltm022a69b.o
_CAN_P4                 0000542c   defined in Debug\ltm022a69b.o
_CAN_P5                 0000542d   defined in Debug\ltm022a69b.o
_CAN_P6                 0000542e   defined in Debug\ltm022a69b.o
_CAN_P7                 0000542f   defined in Debug\ltm022a69b.o
_CAN_P8                 00005430   defined in Debug\ltm022a69b.o
_CAN_P9                 00005431   defined in Debug\ltm022a69b.o
_CAN_PA                 00005432   defined in Debug\ltm022a69b.o
_CAN_PB                 00005433   defined in Debug\ltm022a69b.o
_CAN_PC                 00005434   defined in Debug\ltm022a69b.o
_CAN_PD                 00005435   defined in Debug\ltm022a69b.o
_CAN_PE                 00005436   defined in Debug\ltm022a69b.o
_CAN_PF                 00005437   defined in Debug\ltm022a69b.o
_CAN_RFR                00005424   defined in Debug\ltm022a69b.o
_CAN_TPR                00005423   defined in Debug\ltm022a69b.o
_CAN_TSR                00005422   defined in Debug\ltm022a69b.o
_CFG_GCR                00007f60   defined in Debug\ltm022a69b.o
_CLK_CANCCR             000050cb   defined in Debug\ltm022a69b.o
_CLK_CCOR               000050c9   defined in Debug\ltm022a69b.o
_CLK_CKDIVR             000050c6   defined in Debug\ltm022a69b.o
_CLK_CMSR               000050c3   defined in Debug\ltm022a69b.o
_CLK_CSSR               000050c8   defined in Debug\ltm022a69b.o
_CLK_ECKR               000050c1   defined in Debug\ltm022a69b.o
_CLK_HSITRIMR           000050cc   defined in Debug\ltm022a69b.o
_CLK_ICKR               000050c0   defined in Debug\ltm022a69b.o
_CLK_PCKENR1            000050c7   defined in Debug\ltm022a69b.o
_CLK_PCKENR2            000050ca   defined in Debug\ltm022a69b.o
_CLK_SWCR               000050c5   defined in Debug\ltm022a69b.o
_CLK_SWIMCCR            000050cd   defined in Debug\ltm022a69b.o
_CLK_SWR                000050c4   defined in Debug\ltm022a69b.o
_EXTI_CR1               000050a0   defined in Debug\ltm022a69b.o
_EXTI_CR2               000050a1   defined in Debug\ltm022a69b.o
_FLASH_CR1              0000505a   defined in Debug\ltm022a69b.o
_FLASH_CR2              0000505b   defined in Debug\ltm022a69b.o
_FLASH_DUKR             00005064   defined in Debug\ltm022a69b.o
_FLASH_FPR              0000505d   defined in Debug\ltm022a69b.o
_FLASH_IAPSR            0000505f   defined in Debug\ltm022a69b.o
_FLASH_NCR2             0000505c   defined in Debug\ltm022a69b.o
_FLASH_NFPR             0000505e   defined in Debug\ltm022a69b.o
_FLASH_PUKR             00005062   defined in Debug\ltm022a69b.o
_GB2312                 00008880   defined in Debug\lcd_lib.o section .const
                                   used in Debug\ltm022a69b.o
_GetTouchADC            000094f8   defined in Debug\touch.o section .text
_GetTouchADCEx          0000953f   defined in Debug\touch.o section .text
_I2C_CCRH               0000521c   defined in Debug\ltm022a69b.o
_I2C_CCRL               0000521b   defined in Debug\ltm022a69b.o
_I2C_CR1                00005210   defined in Debug\ltm022a69b.o
_I2C_CR2                00005211   defined in Debug\ltm022a69b.o
_I2C_DR                 00005216   defined in Debug\ltm022a69b.o
_I2C_FREQR              00005212   defined in Debug\ltm022a69b.o
_I2C_ITR                0000521a   defined in Debug\ltm022a69b.o
_I2C_OARH               00005214   defined in Debug\ltm022a69b.o
_I2C_OARL               00005213   defined in Debug\ltm022a69b.o
_I2C_PECR               0000521e   defined in Debug\ltm022a69b.o
_I2C_SR1                00005217   defined in Debug\ltm022a69b.o
_I2C_SR2                00005218   defined in Debug\ltm022a69b.o
_I2C_SR3                00005219   defined in Debug\ltm022a69b.o
_I2C_TRISER             0000521d   defined in Debug\ltm022a69b.o
_ITC_SPR1               00007f70   defined in Debug\ltm022a69b.o
_ITC_SPR2               00007f71   defined in Debug\ltm022a69b.o
_ITC_SPR3               00007f72   defined in Debug\ltm022a69b.o
_ITC_SPR4               00007f73   defined in Debug\ltm022a69b.o
_ITC_SPR5               00007f74   defined in Debug\ltm022a69b.o
_ITC_SPR6               00007f75   defined in Debug\ltm022a69b.o
_ITC_SPR7               00007f76   defined in Debug\ltm022a69b.o
_IWDG_KR                000050e0   defined in Debug\ltm022a69b.o
_IWDG_PR                000050e1   defined in Debug\ltm022a69b.o
_IWDG_RLR               000050e2   defined in Debug\ltm022a69b.o
_LCD_SEND_COMMAND       00008ac0   defined in Debug\ltm022a69b.o section .text
_LCD_WRITE_COMMAND      00008aea   defined in Debug\ltm022a69b.o section .text
_LCD_WRITE_DATA         00008b16   defined in Debug\ltm022a69b.o section .text
_LCD_WRITE_REG          00008a95   defined in Debug\ltm022a69b.o section .text
_PA_CR1                 00005003   defined in Debug\ltm022a69b.o
_PA_CR2                 00005004   defined in Debug\ltm022a69b.o
_PA_DDR                 00005002   defined in Debug\ltm022a69b.o
_PA_IDR                 00005001   defined in Debug\ltm022a69b.o
_PA_ODR                 00005000   defined in Debug\ltm022a69b.o
_PB_CR1                 00005008   defined in Debug\ltm022a69b.o
_PB_CR2                 00005009   defined in Debug\ltm022a69b.o
_PB_DDR                 00005007   defined in Debug\ltm022a69b.o
_PB_IDR                 00005006   defined in Debug\ltm022a69b.o
_PB_ODR                 00005005   defined in Debug\ltm022a69b.o
_PC_CR1                 0000500d   defined in Debug\ltm022a69b.o
_PC_CR2                 0000500e   defined in Debug\ltm022a69b.o
_PC_DDR                 0000500c   defined in Debug\ltm022a69b.o
_PC_IDR                 0000500b   defined in Debug\ltm022a69b.o
_PC_ODR                 0000500a   defined in Debug\ltm022a69b.o
_PD_CR1                 00005012   defined in Debug\ltm022a69b.o
_PD_CR2                 00005013   defined in Debug\ltm022a69b.o
_PD_DDR                 00005011   defined in Debug\ltm022a69b.o
_PD_IDR                 00005010   defined in Debug\ltm022a69b.o
_PD_ODR                 0000500f   defined in Debug\ltm022a69b.o
_PE_CR1                 00005017   defined in Debug\ltm022a69b.o
_PE_CR2                 00005018   defined in Debug\ltm022a69b.o
_PE_DDR                 00005016   defined in Debug\ltm022a69b.o
_PE_IDR                 00005015   defined in Debug\ltm022a69b.o
_PE_ODR                 00005014   defined in Debug\ltm022a69b.o
_PF_CR1                 0000501c   defined in Debug\ltm022a69b.o
_PF_CR2                 0000501d   defined in Debug\ltm022a69b.o
_PF_DDR                 0000501b   defined in Debug\ltm022a69b.o
_PF_IDR                 0000501a   defined in Debug\ltm022a69b.o
_PF_ODR                 00005019   defined in Debug\ltm022a69b.o
_PG_CR1                 00005021   defined in Debug\ltm022a69b.o
_PG_CR2                 00005022   defined in Debug\ltm022a69b.o
_PG_DDR                 00005020   defined in Debug\ltm022a69b.o
_PG_IDR                 0000501f   defined in Debug\ltm022a69b.o
_PG_ODR                 0000501e   defined in Debug\ltm022a69b.o
_PH_CR1                 00005026   defined in Debug\ltm022a69b.o
_PH_CR2                 00005027   defined in Debug\ltm022a69b.o
_PH_DDR                 00005025   defined in Debug\ltm022a69b.o
_PH_IDR                 00005024   defined in Debug\ltm022a69b.o
_PH_ODR                 00005023   defined in Debug\ltm022a69b.o
_PI_CR1                 0000502b   defined in Debug\ltm022a69b.o
_PI_CR2                 0000502c   defined in Debug\ltm022a69b.o
_PI_DDR                 0000502a   defined in Debug\ltm022a69b.o
_PI_IDR                 00005029   defined in Debug\ltm022a69b.o
_PI_ODR                 00005028   defined in Debug\ltm022a69b.o
_RST_SR                 000050b3   defined in Debug\ltm022a69b.o
_Read_ADS               00009623   defined in Debug\touch.o section .text
_Read_ADS2              00009654   defined in Debug\touch.o section .text
_Read_Continue          00009734   defined in Debug\touch.o section .text
                                   used in Debug\main.o
_Read_Once              0000971f   defined in Debug\touch.o section .text
_SPI0_Init              00008a4e   defined in Debug\ltm022a69b.o section .text
_SPI0_communication     00008a87   defined in Debug\ltm022a69b.o section .text
                                   used in Debug\touch.o
_SPI_CR1                00005200   defined in Debug\ltm022a69b.o
_SPI_CR2                00005201   defined in Debug\ltm022a69b.o
_SPI_CRCPR              00005205   defined in Debug\ltm022a69b.o
_SPI_DR                 00005204   defined in Debug\ltm022a69b.o
_SPI_ICR                00005202   defined in Debug\ltm022a69b.o
_SPI_RXCRCR             00005206   defined in Debug\ltm022a69b.o
_SPI_SR                 00005203   defined in Debug\ltm022a69b.o
_SPI_TXCRCR             00005207   defined in Debug\ltm022a69b.o
_Swap                   000091cf   defined in Debug\ltm022a69b.o section .text
_TIM1_ARR               00005262   defined in Debug\ltm022a69b.o
_TIM1_ARRH              00005262   defined in Debug\ltm022a69b.o
_TIM1_ARRL              00005263   defined in Debug\ltm022a69b.o
_TIM1_BKR               0000526d   defined in Debug\ltm022a69b.o
_TIM1_CCER1             0000525c   defined in Debug\ltm022a69b.o
_TIM1_CCER2             0000525d   defined in Debug\ltm022a69b.o
_TIM1_CCMR1             00005258   defined in Debug\ltm022a69b.o
_TIM1_CCMR2             00005259   defined in Debug\ltm022a69b.o
_TIM1_CCMR3             0000525a   defined in Debug\ltm022a69b.o
_TIM1_CCMR4             0000525b   defined in Debug\ltm022a69b.o
_TIM1_CCR1              00005265   defined in Debug\ltm022a69b.o
_TIM1_CCR1H             00005265   defined in Debug\ltm022a69b.o
_TIM1_CCR1L             00005266   defined in Debug\ltm022a69b.o
_TIM1_CCR2              00005267   defined in Debug\ltm022a69b.o
_TIM1_CCR2H             00005267   defined in Debug\ltm022a69b.o
_TIM1_CCR2L             00005268   defined in Debug\ltm022a69b.o
_TIM1_CCR3              00005269   defined in Debug\ltm022a69b.o
_TIM1_CCR3H             00005269   defined in Debug\ltm022a69b.o
_TIM1_CCR3L             0000526a   defined in Debug\ltm022a69b.o
_TIM1_CCR4              0000526b   defined in Debug\ltm022a69b.o
_TIM1_CCR4H             0000526b   defined in Debug\ltm022a69b.o
_TIM1_CCR4L             0000526c   defined in Debug\ltm022a69b.o
_TIM1_CNTR              0000525e   defined in Debug\ltm022a69b.o
_TIM1_CNTRH             0000525e   defined in Debug\ltm022a69b.o
_TIM1_CNTRL             0000525f   defined in Debug\ltm022a69b.o
_TIM1_CR1               00005250   defined in Debug\ltm022a69b.o
_TIM1_CR2               00005251   defined in Debug\ltm022a69b.o
_TIM1_DTR               0000526e   defined in Debug\ltm022a69b.o
_TIM1_EGR               00005257   defined in Debug\ltm022a69b.o
_TIM1_ETR               00005253   defined in Debug\ltm022a69b.o
_TIM1_IER               00005254   defined in Debug\ltm022a69b.o
_TIM1_OISR              0000526f   defined in Debug\ltm022a69b.o
_TIM1_PSCR              00005260   defined in Debug\ltm022a69b.o
_TIM1_PSCRH             00005260   defined in Debug\ltm022a69b.o
_TIM1_PSCRL             00005261   defined in Debug\ltm022a69b.o
_TIM1_RCR               00005264   defined in Debug\ltm022a69b.o
_TIM1_SMCR              00005252   defined in Debug\ltm022a69b.o
_TIM1_SR1               00005255   defined in Debug\ltm022a69b.o
_TIM1_SR2               00005256   defined in Debug\ltm022a69b.o
_TIM2_ARR               0000530d   defined in Debug\ltm022a69b.o
_TIM2_ARRH              0000530d   defined in Debug\ltm022a69b.o
_TIM2_ARRL              0000530e   defined in Debug\ltm022a69b.o
_TIM2_CCER1             00005308   defined in Debug\ltm022a69b.o
_TIM2_CCER2             00005309   defined in Debug\ltm022a69b.o
_TIM2_CCMR1             00005305   defined in Debug\ltm022a69b.o
_TIM2_CCMR2             00005306   defined in Debug\ltm022a69b.o
_TIM2_CCMR3             00005307   defined in Debug\ltm022a69b.o
_TIM2_CCR1              0000530f   defined in Debug\ltm022a69b.o
_TIM2_CCR1H             0000530f   defined in Debug\ltm022a69b.o
_TIM2_CCR1L             00005310   defined in Debug\ltm022a69b.o
_TIM2_CCR2              00005311   defined in Debug\ltm022a69b.o
_TIM2_CCR2H             00005311   defined in Debug\ltm022a69b.o
_TIM2_CCR2L             00005312   defined in Debug\ltm022a69b.o
_TIM2_CCR3              00005313   defined in Debug\ltm022a69b.o
_TIM2_CCR3H             00005313   defined in Debug\ltm022a69b.o
_TIM2_CCR3L             00005314   defined in Debug\ltm022a69b.o
_TIM2_CNTR              0000530a   defined in Debug\ltm022a69b.o
_TIM2_CNTRH             0000530a   defined in Debug\ltm022a69b.o
_TIM2_CNTRL             0000530b   defined in Debug\ltm022a69b.o
_TIM2_CR1               00005300   defined in Debug\ltm022a69b.o
_TIM2_EGR               00005304   defined in Debug\ltm022a69b.o
_TIM2_IER               00005301   defined in Debug\ltm022a69b.o
_TIM2_PSCR              0000530c   defined in Debug\ltm022a69b.o
_TIM2_SR1               00005302   defined in Debug\ltm022a69b.o
_TIM2_SR2               00005303   defined in Debug\ltm022a69b.o
_TIM3_ARR               0000532b   defined in Debug\ltm022a69b.o
_TIM3_ARRH              0000532b   defined in Debug\ltm022a69b.o
_TIM3_ARRL              0000532c   defined in Debug\ltm022a69b.o
_TIM3_CCER1             00005327   defined in Debug\ltm022a69b.o
_TIM3_CCMR1             00005325   defined in Debug\ltm022a69b.o
_TIM3_CCMR2             00005326   defined in Debug\ltm022a69b.o
_TIM3_CCR1              0000532d   defined in Debug\ltm022a69b.o
_TIM3_CCR1H             0000532d   defined in Debug\ltm022a69b.o
_TIM3_CCR1L             0000532e   defined in Debug\ltm022a69b.o
_TIM3_CCR2              0000532f   defined in Debug\ltm022a69b.o
_TIM3_CCR2H             0000532f   defined in Debug\ltm022a69b.o
_TIM3_CCR2L             00005330   defined in Debug\ltm022a69b.o
_TIM3_CNTR              00005328   defined in Debug\ltm022a69b.o
_TIM3_CNTRH             00005328   defined in Debug\ltm022a69b.o
_TIM3_CNTRL             00005329   defined in Debug\ltm022a69b.o
_TIM3_CR1               00005320   defined in Debug\ltm022a69b.o
_TIM3_EGR               00005324   defined in Debug\ltm022a69b.o
_TIM3_IER               00005321   defined in Debug\ltm022a69b.o
_TIM3_PSCR              0000532a   defined in Debug\ltm022a69b.o
_TIM3_SR1               00005322   defined in Debug\ltm022a69b.o
_TIM3_SR2               00005323   defined in Debug\ltm022a69b.o
_TIM4_ARR               00005346   defined in Debug\ltm022a69b.o
_TIM4_CNTR              00005344   defined in Debug\ltm022a69b.o
_TIM4_CR1               00005340   defined in Debug\ltm022a69b.o
_TIM4_EGR               00005343   defined in Debug\ltm022a69b.o
_TIM4_IER               00005341   defined in Debug\ltm022a69b.o
_TIM4_PSCR              00005345   defined in Debug\ltm022a69b.o
_TIM4_SR                00005342   defined in Debug\ltm022a69b.o
_TOUCH_WRITE_COMMAND    000094be   defined in Debug\touch.o section .text
_TOUCH_WRITE_DATA       000094ec   defined in Debug\touch.o section .text
_TOUCH_WRITE_REG        000094a2   defined in Debug\touch.o section .text
_TOUCH_init             00009495   defined in Debug\touch.o section .text
                                   used in Debug\main.o
_UART1_BRR1             00005232   defined in Debug\ltm022a69b.o
_UART1_BRR2             00005233   defined in Debug\ltm022a69b.o
_UART1_CR1              00005234   defined in Debug\ltm022a69b.o
_UART1_CR2              00005235   defined in Debug\ltm022a69b.o
_UART1_CR3              00005236   defined in Debug\ltm022a69b.o
_UART1_CR4              00005237   defined in Debug\ltm022a69b.o
_UART1_CR5              00005238   defined in Debug\ltm022a69b.o
_UART1_DR               00005231   defined in Debug\ltm022a69b.o
_UART1_GTR              00005239   defined in Debug\ltm022a69b.o
_UART1_PSCR             0000523a   defined in Debug\ltm022a69b.o
_UART1_SR               00005230   defined in Debug\ltm022a69b.o
_UART3_BRR1             00005242   defined in Debug\ltm022a69b.o
_UART3_BRR2             00005243   defined in Debug\ltm022a69b.o
_UART3_CR1              00005244   defined in Debug\ltm022a69b.o
_UART3_CR2              00005245   defined in Debug\ltm022a69b.o
_UART3_CR3              00005246   defined in Debug\ltm022a69b.o
_UART3_CR4              00005247   defined in Debug\ltm022a69b.o
_UART3_CR6              00005249   defined in Debug\ltm022a69b.o
_UART3_DR               00005241   defined in Debug\ltm022a69b.o
_UART3_SR               00005240   defined in Debug\ltm022a69b.o
_WWDG_CR                000050d1   defined in Debug\ltm022a69b.o
_WWDG_WR                000050d2   defined in Debug\ltm022a69b.o
__endmem                000013ff   defined in command file
                                   *** not used ***
__endzp                 0000001a   defined in command file section .ubsct
                                   used in D:\Program Files\COSMIC\CXSTM8\Lib\crtsi0.sm8
__idesc__               00008a00   defined in linker section .init
                                   used in D:\Program Files\COSMIC\CXSTM8\Lib\crtsi0.sm8
__memory                00000100   defined in command file section .bss
                                   used in D:\Program Files\COSMIC\CXSTM8\Lib\crtsi0.sm8
__stack                 000017ff   defined in command file
                                   used in D:\Program Files\COSMIC\CXSTM8\Lib\crtsi0.sm8
__startmem              00000100   defined in command file section .bss
                                   *** not used ***
__stext                 00008a03   defined in D:\Program Files\COSMIC\CXSTM8\Lib\crtsi0.sm8 section .text
                                   used in Debug\stm8_interrupt_vector.o
__vectab                00008000   defined in Debug\stm8_interrupt_vector.o section .const
_ascii                  00008080   defined in Debug\lcd_lib.o section .const
                                   used in Debug\ltm022a69b.o
_color                  00008960   defined in Debug\ltm022a69b.o section .const
_convert_ad_to_xy       000096e7   defined in Debug\touch.o section .text
_delay_ms               00009449   defined in Debug\system.o section .text
_delay_us               0000946f   defined in Debug\system.o section .text
                                   used in Debug\ltm022a69b.o Debug\touch.o
_display_touch_debug    00009749   defined in Debug\main.o section .text
_exit                   00008a4c   defined in D:\Program Files\COSMIC\CXSTM8\Lib\crtsi0.sm8 section .text
_lcd_clear_area         00008dfb   defined in Debug\ltm022a69b.o section .text
_lcd_clear_screen       00008d7e   defined in Debug\ltm022a69b.o section .text
_lcd_ctrl_port_init     00008b22   defined in Debug\ltm022a69b.o section .text
_lcd_display_GB2312     00008f9b   defined in Debug\ltm022a69b.o section .text
_lcd_display_char       00008ea8   defined in Debug\ltm022a69b.o section .text
_lcd_display_image      00009053   defined in Debug\ltm022a69b.o section .text
_lcd_display_number     000093be   defined in Debug\ltm022a69b.o section .text
                                   used in Debug\main.o
_lcd_display_string     00008f62   defined in Debug\ltm022a69b.o section .text
                                   used in Debug\main.o
_lcd_display_test       000090f6   defined in Debug\ltm022a69b.o section .text
_lcd_draw_bigdot        00009229   defined in Debug\ltm022a69b.o section .text
                                   used in Debug\main.o
_lcd_draw_dot           000091e5   defined in Debug\ltm022a69b.o section .text
_lcd_draw_line          000092a9   defined in Debug\ltm022a69b.o section .text
_lcd_init               00008b2f   defined in Debug\ltm022a69b.o section .text
                                   used in Debug\main.o
_lcd_set_cursor         00008e86   defined in Debug\ltm022a69b.o section .text
_main                   0000981c   defined in Debug\main.o section .text
                                   used in D:\Program Files\COSMIC\CXSTM8\Lib\crtsi0.sm8
_mypow                  0000938d   defined in Debug\ltm022a69b.o section .text
_p_touch_dot            00000000   defined in Debug\touch.o section .ubsct
_read_res               0000000f   defined in Debug\main.o section .ubsct
_touch_dot              00000002   defined in Debug\touch.o section .ubsct
                                   used in Debug\main.o
c_divsl                 0000994a   defined in (D:\Program Files\COSMIC\CXSTM8\Lib\libm0.sm8)ldiv.o section .text
                                   *** not used ***
c_divul                 00009961   defined in (D:\Program Files\COSMIC\CXSTM8\Lib\libm0.sm8)ldiv.o section .text
                                   used in (D:\Program Files\COSMIC\CXSTM8\Lib\libm0.sm8)ludiv.o
                                           (D:\Program Files\COSMIC\CXSTM8\Lib\libm0.sm8)lumod.o
c_lgmul                 00009879   defined in (D:\Program Files\COSMIC\CXSTM8\Lib\libm0.sm8)lgmul.o section .text
                                   used in Debug\ltm022a69b.o
c_lgneg                 00009a35   defined in (D:\Program Files\COSMIC\CXSTM8\Lib\libm0.sm8)lgneg.o section .text
                                   used in (D:\Program Files\COSMIC\CXSTM8\Lib\libm0.sm8)ldiv.o
c_lmul                  00009881   defined in (D:\Program Files\COSMIC\CXSTM8\Lib\libm0.sm8)lmul.o section .text
                                   used in Debug\touch.o
                                           (D:\Program Files\COSMIC\CXSTM8\Lib\libm0.sm8)lgmul.o
c_lmulc                 00009889   defined in (D:\Program Files\COSMIC\CXSTM8\Lib\libm0.sm8)lmul.o section .text
                                   *** not used ***
c_lneg                  00009a48   defined in (D:\Program Files\COSMIC\CXSTM8\Lib\libm0.sm8)lneg.o section .text
                                   used in (D:\Program Files\COSMIC\CXSTM8\Lib\libm0.sm8)ldiv.o
c_lreg                  00000010   defined in (D:\Program Files\COSMIC\CXSTM8\Lib\libm0.sm8)lreg.o section .ubsct
                                   used in Debug\ltm022a69b.o Debug\touch.o
                                           Debug\main.o
                                           (D:\Program Files\COSMIC\CXSTM8\Lib\libm0.sm8)lmul.o
                                           (D:\Program Files\COSMIC\CXSTM8\Lib\libm0.sm8)lsub.o
                                           (D:\Program Files\COSMIC\CXSTM8\Lib\libm0.sm8)ltor.o
                                           (D:\Program Files\COSMIC\CXSTM8\Lib\libm0.sm8)ldiv.o
                                           (D:\Program Files\COSMIC\CXSTM8\Lib\libm0.sm8)lneg.o
                                           (D:\Program Files\COSMIC\CXSTM8\Lib\libm0.sm8)lumod.o
                                           (D:\Program Files\COSMIC\CXSTM8\Lib\libm0.sm8)rtol.o
                                           (D:\Program Files\COSMIC\CXSTM8\Lib\libm0.sm8)smul.o
                                           (D:\Program Files\COSMIC\CXSTM8\Lib\libm0.sm8)utolx.o
c_lsub                  0000990c   defined in (D:\Program Files\COSMIC\CXSTM8\Lib\libm0.sm8)lsub.o section .text
                                   used in Debug\touch.o
c_ltor                  00009924   defined in (D:\Program Files\COSMIC\CXSTM8\Lib\libm0.sm8)ltor.o section .text
                                   used in Debug\ltm022a69b.o Debug\touch.o
c_ludv                  00009936   defined in (D:\Program Files\COSMIC\CXSTM8\Lib\libm0.sm8)ludiv.o section .text
                                   used in Debug\ltm022a69b.o Debug\touch.o
c_lumd                  00009a5d   defined in (D:\Program Files\COSMIC\CXSTM8\Lib\libm0.sm8)lumod.o section .text
                                   used in Debug\ltm022a69b.o
c_rtol                  00009a77   defined in (D:\Program Files\COSMIC\CXSTM8\Lib\libm0.sm8)rtol.o section .text
                                   used in Debug\ltm022a69b.o Debug\touch.o
                                           (D:\Program Files\COSMIC\CXSTM8\Lib\libm0.sm8)lgmul.o
c_smul                  00009a89   defined in (D:\Program Files\COSMIC\CXSTM8\Lib\libm0.sm8)smul.o section .text
                                   used in Debug\touch.o
c_uitolx                00009ac8   defined in (D:\Program Files\COSMIC\CXSTM8\Lib\libm0.sm8)utolx.o section .text
                                   used in Debug\touch.o Debug\main.o
c_x                     00000014   defined in (D:\Program Files\COSMIC\CXSTM8\Lib\libm0.sm8)xreg.o section .ubsct
                                   used in D:\Program Files\COSMIC\CXSTM8\Lib\crtsi0.sm8
                                           (D:\Program Files\COSMIC\CXSTM8\Lib\libm0.sm8)lmul.o
                                           (D:\Program Files\COSMIC\CXSTM8\Lib\libm0.sm8)ldiv.o
c_y                     00000017   defined in (D:\Program Files\COSMIC\CXSTM8\Lib\libm0.sm8)yreg.o section .ubsct
                                   used in D:\Program Files\COSMIC\CXSTM8\Lib\crtsi0.sm8
                                           Debug\ltm022a69b.o
f_NonHandledInterrupt   00009acf   defined in Debug\stm8_interrupt_vector.o section .text
