HI-TECH Software C Compiler 

Linker command line:

--edf=C:\Program Files\HI-TECH Software\PICC\9.82\dat\en_msgs.txt -cs \
  -h+lcd22.sym -z -Q16F877A -ol.obj -Mlcd22.map -E1 -ACONST=00h-0FFhx32 \
  -ACODE=00h-07FFhx4 -ASTRCODE=00h-01FFFh -AENTRY=00h-0FFhx32 \
  -ASTRING=00h-0FFhx32 -ABANK0=020h-06Fh -ABANK1=0A0h-0EFh \
  -ABANK2=0110h-016Fh -ABANK3=0190h-01EFh \
  -ARAM=020h-06Fh,0A0h-0EFh,0110h-016Fh,0190h-01EFh \
  -AABS1=020h-07Fh,0A0h-0EFh,0110h-016Fh,0190h-01EFh -ACOMMON=070h-07Fh \
  -ASFR0=00h-01Fh -ASFR1=080h-09Fh -ASFR2=0100h-010Fh -ASFR3=0180h-018Fh \
  -preset_vec=00h,intentry,init,end_init -ppowerup=CODE -pfunctab=CODE \
  -ACONFIG=02007h-02007h -pconfig=CONFIG -DCONFIG=2 -AIDLOC=02000h-02003h \
  -pidloc=IDLOC -DIDLOC=2 -AEEDATA=00h-0FFh/02100h -peeprom_data=EEDATA \
  -DEEDATA=2 -DCODE=2 -DSTRCODE=2 -DSTRING=2 -DCONST=2 -DENTRY=2 -k \
  startup.obj lcd22.obj 

Object code version is 3.10

Machine type is 16F877A



                Name                               Link     Load   Length Selector   Space Scale
startup.obj     end_init                              0        0        3        0       0
lcd22.obj       config                             2007     2007        1     400E       0
                text312                             2A3      2A3        6      546       0
                text301                             44D      44D      3B3      89A       0
                text300                             300      300      14D      600       0
                maintext                            2B7      2B7       49      56E       0
                cstackBANK0                          20       20       16       20       1
                cstackCOMMON                         70       70        C       70       1
                bssBANK0                             36       36        A       20       1
                cinit                               2A9      2A9        E      552       0
                stringtext                         1700     1700      82C       2E       0

TOTAL           Name                               Link     Load   Length     Space
        CLASS   CONST          

        CLASS   CODE           
                end_init                              0        0        3         0
                text312                             2A3      2A3        6         0
                text301                             44D      44D      3B3         0
                text300                             300      300      14D         0
                maintext                            2B7      2B7       49         0
                cinit                               2A9      2A9        E         0

        CLASS   STRCODE        
                stringtext                         1700     1700      82C         0

        CLASS   ENTRY          

        CLASS   STRING         

        CLASS   BANK0          
                cstackBANK0                          20       20       16         1
                bssBANK0                             36       36        A         1

        CLASS   BANK1          

        CLASS   BANK2          

        CLASS   BANK3          

        CLASS   RAM            

        CLASS   ABS1           
                abs_s1                               7E       7E        2         1

        CLASS   COMMON         
                cstackCOMMON                         70       70        C         1

        CLASS   SFR0           

        CLASS   SFR1           

        CLASS   SFR2           

        CLASS   SFR3           

        CLASS   CONFIG         
                config                             2007     2007        1         0

        CLASS   IDLOC          

        CLASS   EEDATA         



SEGMENTS        Name                           Load    Length   Top    Selector   Space  Class     Delta

                reset_vec                      000000  000003  000003         0       0  CODE        2
                cstackBANK0                    000020  000020  000040        20       1  BANK0       1
                cstackCOMMON                   000070  00000C  00007C        70       1  COMMON      1
                text312                        0002A3  000006  0002A9       546       0  CODE        2
                cinit                          0002A9  00000E  0002B7       552       0  CODE        2
                maintext                       0002B7  000049  000300       56E       0  CODE        2
                text300                        000300  00014D  00044D       600       0  CODE        2
                text301                        00044D  0003B3  000800       89A       0  CODE        2
                stringtext                     001700  00082C  001F2C        2E       0  STRCODE     2
                config                         002007  000001  002008      400E       0  CONFIG      2


UNUSED ADDRESS RANGES

        Name                Unused          Largest block    Delta
        BANK0            0040-006F             30           1
        BANK1            00A0-00EF             50           1
        BANK2            0110-016F             60           1
        BANK3            0190-01EF             60           1
        CODE             0003-02A2            2A0           2
                         0800-16FF            800
                         1F2C-1FFF             D4
        COMMON           007C-007D              2           1
        CONST            0003-02A2            100           2
                         0800-16FF            100
                         1F2C-1FFF             D4
        EEDATA           2100-21FF            100           2
        ENTRY            0003-02A2            100           2
                         0800-16FF            100
                         1F2C-1FFF             D4
        IDLOC            2000-2003              4           2
        RAM              0040-006F             30           1
                         00A0-00EF             50
                         0110-016F             60
                         0190-01EF             60
        SFR0             0000-001F             20           1
        SFR1             0080-009F             20           1
        SFR2             0100-010F             10           1
        SFR3             0180-018F             10           1
        STRCODE          0003-02A2            2A0           2
                         0800-16FF            F00
                         1F2C-1FFF             D4
        STRING           0003-02A2            100           2
                         0800-16FF            100
                         1F2C-1FFF             D4

                                  Symbol Table

??_DisplayChar                cstackCOMMON 0078
??_DisplayChar_Reverse        cstackCOMMON 0078
??_DisplayString              cstackCOMMON 007A
??_LCD_test                   cstackCOMMON 0076
??_delay_ms                   cstackCOMMON 0072
??_delay_us                   cstackCOMMON 0072
??_init_lcd                   cstackCOMMON 0076
??_init_lcd_spi               cstackCOMMON 0070
??_init_mcu                   cstackCOMMON 0070
??_lcd_rst                    cstackCOMMON 0073
??_main                       cstackCOMMON 007C
??_post_cmd                   cstackCOMMON 0076
??_post_data                  cstackCOMMON 0072
??_swap                       cstackCOMMON 0071
?_DisplayChar                 cstackCOMMON 0076
?_DisplayChar_Reverse         cstackCOMMON 0076
?_DisplayString               cstackBANK0  0026
?_LCD_test                    cstackCOMMON 0070
?_delay_ms                    cstackCOMMON 0070
?_delay_us                    cstackCOMMON 0070
?_init_lcd                    cstackCOMMON 0070
?_init_lcd_spi                cstackCOMMON 0070
?_init_mcu                    cstackCOMMON 0070
?_lcd_rst                     cstackCOMMON 0070
?_main                        cstackCOMMON 0070
?_post_cmd                    cstackCOMMON 0072
?_post_data                   cstackCOMMON 0070
?_swap                        cstackCOMMON 0070
DisplayChar@b                 cstackBANK0  0023
DisplayChar@casc              cstackBANK0  0020
DisplayChar@i                 cstackBANK0  0024
DisplayChar@j                 cstackBANK0  0025
DisplayChar@p                 cstackBANK0  0021
DisplayChar@postion_x         cstackCOMMON 0076
DisplayChar@postion_y         cstackCOMMON 0077
DisplayChar_Reverse@b         cstackBANK0  0023
DisplayChar_Reverse@casc      cstackBANK0  0020
DisplayChar_Reverse@i         cstackBANK0  0024
DisplayChar_Reverse@j         cstackBANK0  0025
DisplayChar_Reverse@p         cstackBANK0  0021
DisplayChar_Reverse@postion_x cstackCOMMON 0076
DisplayChar_Reverse@postion_y cstackCOMMON 0077
DisplayString@Reverse         cstackBANK0  002A
DisplayString@a               cstackBANK0  002B
DisplayString@i               cstackBANK0  0035
DisplayString@s               cstackBANK0  0026
DisplayString@x               cstackBANK0  0028
DisplayString@y               cstackBANK0  0029
LCD_test@i                    cstackCOMMON 0078
LCD_test@n                    cstackCOMMON 007B
LCD_test@num                  cstackCOMMON 0079
LCD_test@temp                 cstackCOMMON 0076
_DisplayChar                  text300      0392
_DisplayChar_Reverse          text301      044D
_DisplayString                text300      0300
_INTCON                       (abs)        000B
_LCD_test                     text301      04E1
_PIR1                         (abs)        000C
_PORTA                        (abs)        0005
_PORTB                        (abs)        0006
_RA0                          (abs)        0028
_RA1                          (abs)        0029
_RA2                          (abs)        002A
_SSPBUF                       (abs)        0013
_SSPCON                       (abs)        0014
_SSPIF                        (abs)        0063
_SSPSTAT                      (abs)        0094
_TRISA                        (abs)        0085
_TRISB                        (abs)        0086
_TRISC                        (abs)        0087
__Habs1                       abs1         0000
__Hbank0                      bank0        0000
__Hbank1                      bank1        0000
__Hbank2                      bank2        0000
__Hbank3                      bank3        0000
__HbssBANK0                   bssBANK0     0000
__Hcinit                      cinit        0000
__Hclrtext                    clrtext      0000
__Hcode                       code         0000
__Hcommon                     common       0000
__Hconfig                     config       2008
__HcstackBANK0                cstackBANK0  0000
__HcstackCOMMON               cstackCOMMON 0000
__Heeprom_data                eeprom_data  0000
__Hend_init                   end_init     0003
__Hfunctab                    functab      0000
__Hidloc                      idloc        0000
__Hinit                       init         0000
__Hintentry                   intentry     0000
__Hmaintext                   maintext     0000
__Hpa_nodes                   pa_nodes     0000
__Hpowerup                    powerup      0000
__Hram                        ram          0000
__Hreset_vec                  reset_vec    0000
__Hsfr0                       sfr0         0000
__Hsfr1                       sfr1         0000
__Hsfr2                       sfr2         0000
__Hsfr3                       sfr3         0000
__Hstrings                    strings      0000
__Hstringtext                 stringtext   0000
__Htext                       text         0000
__Labs1                       abs1         0000
__Lbank0                      bank0        0000
__Lbank1                      bank1        0000
__Lbank2                      bank2        0000
__Lbank3                      bank3        0000
__LbssBANK0                   bssBANK0     0000
__Lcinit                      cinit        0000
__Lclrtext                    clrtext      0000
__Lcode                       code         0000
__Lcommon                     common       0000
__Lconfig                     config       2007
__LcstackBANK0                cstackBANK0  0000
__LcstackCOMMON               cstackCOMMON 0000
__Leeprom_data                eeprom_data  0000
__Lend_init                   end_init     0000
__Lfunctab                    functab      0000
__Lidloc                      idloc        0000
__Linit                       init         0000
__Lintentry                   intentry     0000
__Lmaintext                   maintext     0000
__Lpa_nodes                   pa_nodes     0000
__Lpowerup                    powerup      0000
__Lram                        ram          0000
__Lreset_vec                  reset_vec    0000
__Lsfr0                       sfr0         0000
__Lsfr1                       sfr1         0000
__Lsfr2                       sfr2         0000
__Lsfr3                       sfr3         0000
__Lstrings                    strings      0000
__Lstringtext                 stringtext   0000
__Ltext                       text         0000
__S0                          (abs)        2008
__S1                          (abs)        007C
__S2                          (abs)        0000
__end_of_DisplayChar          text300      0423
__end_of_DisplayChar_Reverse  text301      04E1
__end_of_DisplayString        text300      036E
__end_of_LCD_test             text301      05AC
__end_of_delay_ms             text301      0765
__end_of_delay_us             text301      0799
__end_of_init_lcd             text301      072F
__end_of_init_lcd_spi         text301      0770
__end_of_init_mcu             text312      02A9
__end_of_lcd_rst              text301      0782
__end_of_main                 maintext     0300
__end_of_post_cmd             text301      0743
__end_of_post_data            text301      074E
__end_of_swap                 text300      0392
__pbssBANK0                   bssBANK0     0036
__pcstackBANK0                cstackBANK0  0020
__pcstackCOMMON               cstackCOMMON 0070
__pmaintext                   maintext     02B7
__pstringtext                 stringtext   1700
__ptext300                    text300      0300
__ptext301                    text301      044D
__ptext302                    text300      0392
__ptext303                    text301      04E1
__ptext304                    text301      05AC
__ptext305                    text301      072F
__ptext306                    text301      0770
__ptext307                    text300      036E
__ptext308                    text301      0743
__ptext309                    text301      0765
__ptext310                    text301      0782
__ptext311                    text301      074E
__ptext312                    text312      02A3
__ptext313                    text313      0000
__size_of_DisplayChar         (abs)        0000
__size_of_DisplayChar_Reverse (abs)        0000
__size_of_DisplayString       (abs)        0000
__size_of_LCD_test            (abs)        0000
__size_of_delay_ms            (abs)        0000
__size_of_delay_us            (abs)        0000
__size_of_init_lcd            (abs)        0000
__size_of_init_lcd_spi        (abs)        0000
__size_of_init_mcu            (abs)        0000
__size_of_lcd_rst             (abs)        0000
__size_of_main                (abs)        0000
__size_of_post_cmd            (abs)        0000
__size_of_post_data           (abs)        0000
__size_of_swap                (abs)        0000
_ascii                        stringtext   1722
_colorfol                     stringtext   1712
_delay_ms                     text301      074E
_delay_us                     text301      0782
_exit                         init         0000
_init_lcd                     text301      05AC
_init_lcd_spi                 text301      0765
_init_mcu                     text312      02A3
_lcd_rst                      text301      0770
_main                         maintext     02B7
_post_cmd                     text301      072F
_post_data                    text301      0743
_swap                         text300      036E
btemp                         (abs)        007E
delay_ms@i                    cstackCOMMON 0072
delay_ms@ms                   cstackCOMMON 0070
delay_us@i                    cstackCOMMON 0072
delay_us@us                   cstackCOMMON 0070
end_of_initialization         cinit        02B3
init_lcd@x                    cstackCOMMON 0076
init_lcd@y                    cstackCOMMON 0078
intlevel0                     functab      0000
intlevel1                     functab      0000
intlevel2                     functab      0000
intlevel3                     functab      0000
intlevel4                     functab      0000
intlevel5                     functab      0000
l1412                                          
l1421                                          
l1424                                          
l1427                                          
l1434                                          
l1447                                          
l1456                                          
l1465                                          
l1473                                          
l1487                                          
l2534                                          
l2536                                          
l2538                                          
l2548                                          
l2558                                          
l2574                                          
l2584                                          
l2590                                          
l2592                                          
l2594                                          
l2618                                          
l2620                                          
l2622                                          
l2624                                          
l2626                                          
l3032                                          
l3034                                          
l3036                                          
l3038                                          
l3042                                          
l3044                                          
l3052                                          
l3054                                          
l3056                                          
l3058                                          
l3060                                          
l3062                                          
l3064                                          
l3066                                          
l3068                                          
l3070                                          
l3072                                          
l3074                                          
l3076                                          
l3078                                          
l3080                                          
l3082                                          
l3084                                          
l3086                                          
l3088                                          
l3090                                          
l3092                                          
l3094                                          
l3096                                          
l3098                                          
l3100                                          
l3102                                          
l3104                                          
l3106                                          
l3108                                          
l3110                                          
l3112                                          
l3114                                          
l3116                                          
l3118                                          
l3120                                          
l3122                                          
l3124                                          
l3126                                          
l3128                                          
l3130                                          
l3132                                          
l3134                                          
l3136                                          
l3138                                          
l3140                                          
l3142                                          
l3144                                          
l3146                                          
l3148                                          
l3150                                          
l3152                                          
l3154                                          
l3156                                          
l3158                                          
l3172                                          
l3174                                          
l3178                                          
l3182                                          
l3184                                          
l3186                                          
l3188                                          
l3190                                          
l3192                                          
l3194                                          
l3196                                          
l3198                                          
l3200                                          
l3202                                          
l3204                                          
l3206                                          
l3208                                          
l3216                                          
l3224                                          
l3226                                          
l3230                                          
l3234                                          
l3242                                          
l3244                                          
l3246                                          
l3248                                          
l3250                                          
l3252                                          
l3266                                          
l3268                                          
l3272                                          
l3276                                          
l3278                                          
l3282                                          
l3284                                          
l3286                                          
l3288                                          
l3290                                          
l3292                                          
l3294                                          
l3296                                          
l3298                                          
l3300                                          
l3302                                          
l3304                                          
l3306                                          
l3308                                          
l3310                                          
l3312                                          
l3320                                          
l3332                                          
l3334                                          
l3338                                          
l3342                                          
l3344                                          
l3346                                          
l3348                                          
l3350                                          
l3352                                          
l3354                                          
l3356                                          
l3358                                          
l3360                                          
l3362                                          
l3364                                          
l3366                                          
l3368                                          
l3370                                          
l3372                                          
l3380                                          
l3392                                          
l3394                                          
l3398                                          
l3400                                          
l3402                                          
l3404                                          
l3408                                          
l3410                                          
l3418                                          
l3426                                          
l3434                                          
l3436                                          
l3438                                          
l3440                                          
l3442                                          
l3444                                          
l3446                                          
l3448                                          
l3450                                          
l3452                                          
l693                                           
l709                                           
l719                                           
post_cmd@cmd                  cstackCOMMON 0074
post_cmd@index                cstackCOMMON 0072
post_data@data                cstackCOMMON 0070
reset_vec                     reset_vec    0000
start                         init         0000
start_initialization          cinit        02A9
swap@b                        bssBANK0     0036
swap@i                        cstackCOMMON 0074
swap@s                        cstackCOMMON 0073
swap@sz                       cstackCOMMON 0070
wtemp0                        (abs)        007E
