Archive member included because of file (symbol)

d:/program files/winavr-20100110/bin/../lib/gcc/avr/4.3.3/avr51\libgcc.a(_mulsi3.o)
                              LTM022A69B.o (__mulsi3)
d:/program files/winavr-20100110/bin/../lib/gcc/avr/4.3.3/avr51\libgcc.a(_udivmodsi4.o)
                              LTM022A69B.o (__udivmodsi4)
d:/program files/winavr-20100110/bin/../lib/gcc/avr/4.3.3/avr51\libgcc.a(_exit.o)
                              d:/program files/winavr-20100110/bin/../lib/gcc/avr/4.3.3/../../../../avr/lib/avr51/crtm128.o (exit)
d:/program files/winavr-20100110/bin/../lib/gcc/avr/4.3.3/avr51\libgcc.a(_clear_bss.o)
                              main.o (__do_clear_bss)

Allocating common symbols
Common symbol       size              file

read_res            0x1               main.o
touch_dot           0xd               Touch.o
p_touch_dot         0x2               Touch.o

Memory Configuration

Name             Origin             Length             Attributes
text             0x00000000         0x00020000         xr
data             0x00800060         0x0000ffa0         rw !x
eeprom           0x00810000         0x00010000         rw !x
fuse             0x00820000         0x00000400         rw !x
lock             0x00830000         0x00000400         rw !x
signature        0x00840000         0x00000400         rw !x
*default*        0x00000000         0xffffffff

Linker script and memory map

Address of section .data set to 0x800100
LOAD d:/program files/winavr-20100110/bin/../lib/gcc/avr/4.3.3/../../../../avr/lib/avr51/crtm128.o
LOAD main.o
LOAD LCD_lib.o
LOAD LTM022A69B.o
LOAD Touch.o
LOAD d:/program files/winavr-20100110/bin/../lib/gcc/avr/4.3.3/avr51\libgcc.a
LOAD d:/program files/winavr-20100110/bin/../lib/gcc/avr/4.3.3/../../../../avr/lib/avr51\libc.a
LOAD d:/program files/winavr-20100110/bin/../lib/gcc/avr/4.3.3/avr51\libgcc.a

.hash
 *(.hash)

.dynsym
 *(.dynsym)

.dynstr
 *(.dynstr)

.gnu.version
 *(.gnu.version)

.gnu.version_d
 *(.gnu.version_d)

.gnu.version_r
 *(.gnu.version_r)

.rel.init
 *(.rel.init)

.rela.init
 *(.rela.init)

.rel.text
 *(.rel.text)
 *(.rel.text.*)
 *(.rel.gnu.linkonce.t*)

.rela.text
 *(.rela.text)
 *(.rela.text.*)
 *(.rela.gnu.linkonce.t*)

.rel.fini
 *(.rel.fini)

.rela.fini
 *(.rela.fini)

.rel.rodata
 *(.rel.rodata)
 *(.rel.rodata.*)
 *(.rel.gnu.linkonce.r*)

.rela.rodata
 *(.rela.rodata)
 *(.rela.rodata.*)
 *(.rela.gnu.linkonce.r*)

.rel.data
 *(.rel.data)
 *(.rel.data.*)
 *(.rel.gnu.linkonce.d*)

.rela.data
 *(.rela.data)
 *(.rela.data.*)
 *(.rela.gnu.linkonce.d*)

.rel.ctors
 *(.rel.ctors)

.rela.ctors
 *(.rela.ctors)

.rel.dtors
 *(.rel.dtors)

.rela.dtors
 *(.rela.dtors)

.rel.got
 *(.rel.got)

.rela.got
 *(.rela.got)

.rel.bss
 *(.rel.bss)

.rela.bss
 *(.rela.bss)

.rel.plt
 *(.rel.plt)

.rela.plt
 *(.rela.plt)

.text           0x00000000     0x124e
 *(.vectors)
 .vectors       0x00000000       0x8c d:/program files/winavr-20100110/bin/../lib/gcc/avr/4.3.3/../../../../avr/lib/avr51/crtm128.o
                0x00000000                __vectors
                0x00000000                __vector_default
 *(.vectors)
 *(.progmem.gcc*)
 *(.progmem*)
                0x0000008c                . = ALIGN (0x2)
                0x0000008c                __trampolines_start = .
 *(.trampolines)
 .trampolines   0x0000008c        0x0 linker stubs
 *(.trampolines*)
                0x0000008c                __trampolines_end = .
 *(.jumptables)
 *(.jumptables*)
 *(.lowtext)
 *(.lowtext*)
                0x0000008c                __ctors_start = .
 *(.ctors)
                0x0000008c                __ctors_end = .
                0x0000008c                __dtors_start = .
 *(.dtors)
                0x0000008c                __dtors_end = .
 SORT(*)(.ctors)
 SORT(*)(.dtors)
 *(.init0)
 .init0         0x0000008c        0x0 d:/program files/winavr-20100110/bin/../lib/gcc/avr/4.3.3/../../../../avr/lib/avr51/crtm128.o
                0x0000008c                __init
 *(.init0)
 *(.init1)
 *(.init1)
 *(.init2)
 .init2         0x0000008c        0xc d:/program files/winavr-20100110/bin/../lib/gcc/avr/4.3.3/../../../../avr/lib/avr51/crtm128.o
 *(.init2)
 *(.init3)
 *(.init3)
 *(.init4)
 .init4         0x00000098       0x1a d:/program files/winavr-20100110/bin/../lib/gcc/avr/4.3.3/../../../../avr/lib/avr51/crtm128.o
                0x00000098                __do_copy_data
 .init4         0x000000b2       0x10 d:/program files/winavr-20100110/bin/../lib/gcc/avr/4.3.3/avr51\libgcc.a(_clear_bss.o)
                0x000000b2                __do_clear_bss
 *(.init4)
 *(.init5)
 *(.init5)
 *(.init6)
 *(.init6)
 *(.init7)
 *(.init7)
 *(.init8)
 *(.init8)
 *(.init9)
 .init9         0x000000c2        0x8 d:/program files/winavr-20100110/bin/../lib/gcc/avr/4.3.3/../../../../avr/lib/avr51/crtm128.o
 *(.init9)
 *(.text)
 .text          0x000000ca        0x4 d:/program files/winavr-20100110/bin/../lib/gcc/avr/4.3.3/../../../../avr/lib/avr51/crtm128.o
                0x000000ca                __vector_22
                0x000000ca                __vector_28
                0x000000ca                __vector_1
                0x000000ca                __vector_32
                0x000000ca                __vector_34
                0x000000ca                __vector_24
                0x000000ca                __vector_12
                0x000000ca                __bad_interrupt
                0x000000ca                __vector_6
                0x000000ca                __vector_31
                0x000000ca                __vector_3
                0x000000ca                __vector_23
                0x000000ca                __vector_30
                0x000000ca                __vector_25
                0x000000ca                __vector_11
                0x000000ca                __vector_13
                0x000000ca                __vector_17
                0x000000ca                __vector_19
                0x000000ca                __vector_7
                0x000000ca                __vector_27
                0x000000ca                __vector_5
                0x000000ca                __vector_33
                0x000000ca                __vector_4
                0x000000ca                __vector_9
                0x000000ca                __vector_2
                0x000000ca                __vector_21
                0x000000ca                __vector_15
                0x000000ca                __vector_29
                0x000000ca                __vector_8
                0x000000ca                __vector_26
                0x000000ca                __vector_14
                0x000000ca                __vector_10
                0x000000ca                __vector_16
                0x000000ca                __vector_18
                0x000000ca                __vector_20
 .text          0x000000ce      0x166 main.o
                0x00000144                display_touch_debug
                0x000000ce                main
 .text          0x00000234        0x0 LCD_lib.o
 .text          0x00000234      0xc38 LTM022A69B.o
                0x0000024c                LCD_WRITE_REG
                0x0000072c                lcd_display_char
                0x00000d50                mypow
                0x00000bd8                lcd_draw_bigdot
                0x00000242                SPI0_communication
                0x00000b70                lcd_draw_dot
                0x000002d4                lcd_ctrl_port_init
                0x00000b58                Swap
                0x0000063e                lcd_clear_area
                0x00000c72                lcd_draw_line
                0x00000374                lcd_init
                0x0000087a                lcd_display_GB2312
                0x00000294                LCD_WRITE_COMMAND
                0x000002c2                LCD_WRITE_DATA
                0x00000702                lcd_set_cursor
                0x00000a44                lcd_display_test
                0x0000080a                lcd_display_string
                0x00000234                SPI0_Init
                0x000002da                lcd_clear_screen
                0x0000095a                lcd_display_image
                0x00000d94                lcd_display_number
                0x00000266                LCD_SEND_COMMAND
 .text          0x00000e6c      0x35c Touch.o
                0x00000e72                convert_ad_to_xy
                0x000011ac                TOUCH_WRITE_REG
                0x00001160                TOUCH_WRITE_DATA
                0x00000ff2                Read_ADS
                0x00000e6c                TOUCH_init
                0x00001174                TOUCH_WRITE_COMMAND
                0x00001124                Read_Continue
                0x00000ee4                GetTouchADC
                0x00000f22                GetTouchADCEx
                0x00001140                Read_Once
                0x0000103c                Read_ADS2
 .text          0x000011c8        0x0 d:/program files/winavr-20100110/bin/../lib/gcc/avr/4.3.3/avr51\libgcc.a(_mulsi3.o)
 .text          0x000011c8        0x0 d:/program files/winavr-20100110/bin/../lib/gcc/avr/4.3.3/avr51\libgcc.a(_udivmodsi4.o)
 .text          0x000011c8        0x0 d:/program files/winavr-20100110/bin/../lib/gcc/avr/4.3.3/avr51\libgcc.a(_exit.o)
 .text          0x000011c8        0x0 d:/program files/winavr-20100110/bin/../lib/gcc/avr/4.3.3/avr51\libgcc.a(_clear_bss.o)
                0x000011c8                . = ALIGN (0x2)
 *(.text.*)
 .text.libgcc   0x000011c8       0x3e d:/program files/winavr-20100110/bin/../lib/gcc/avr/4.3.3/avr51\libgcc.a(_mulsi3.o)
                0x000011c8                __mulsi3
 .text.libgcc   0x00001206       0x44 d:/program files/winavr-20100110/bin/../lib/gcc/avr/4.3.3/avr51\libgcc.a(_udivmodsi4.o)
                0x00001206                __udivmodsi4
 .text.libgcc   0x0000124a        0x0 d:/program files/winavr-20100110/bin/../lib/gcc/avr/4.3.3/avr51\libgcc.a(_exit.o)
 .text.libgcc   0x0000124a        0x0 d:/program files/winavr-20100110/bin/../lib/gcc/avr/4.3.3/avr51\libgcc.a(_clear_bss.o)
                0x0000124a                . = ALIGN (0x2)
 *(.fini9)
 .fini9         0x0000124a        0x0 d:/program files/winavr-20100110/bin/../lib/gcc/avr/4.3.3/avr51\libgcc.a(_exit.o)
                0x0000124a                exit
                0x0000124a                _exit
 *(.fini9)
 *(.fini8)
 *(.fini8)
 *(.fini7)
 *(.fini7)
 *(.fini6)
 *(.fini6)
 *(.fini5)
 *(.fini5)
 *(.fini4)
 *(.fini4)
 *(.fini3)
 *(.fini3)
 *(.fini2)
 *(.fini2)
 *(.fini1)
 *(.fini1)
 *(.fini0)
 .fini0         0x0000124a        0x4 d:/program files/winavr-20100110/bin/../lib/gcc/avr/4.3.3/avr51\libgcc.a(_exit.o)
 *(.fini0)
                0x0000124e                _etext = .

.data           0x00800100      0x96c load address 0x0000124e
                0x00800100                PROVIDE (__data_start, .)
 *(.data)
 .data          0x00800100        0x0 d:/program files/winavr-20100110/bin/../lib/gcc/avr/4.3.3/../../../../avr/lib/avr51/crtm128.o
 .data          0x00800100       0x7c main.o
 .data          0x0080017c      0x8e0 LCD_lib.o
                0x0080017c                ascii
                0x0080097c                GB2312
 .data          0x00800a5c       0x10 LTM022A69B.o
                0x00800a5c                color
 .data          0x00800a6c        0x0 Touch.o
 .data          0x00800a6c        0x0 d:/program files/winavr-20100110/bin/../lib/gcc/avr/4.3.3/avr51\libgcc.a(_mulsi3.o)
 .data          0x00800a6c        0x0 d:/program files/winavr-20100110/bin/../lib/gcc/avr/4.3.3/avr51\libgcc.a(_udivmodsi4.o)
 .data          0x00800a6c        0x0 d:/program files/winavr-20100110/bin/../lib/gcc/avr/4.3.3/avr51\libgcc.a(_exit.o)
 .data          0x00800a6c        0x0 d:/program files/winavr-20100110/bin/../lib/gcc/avr/4.3.3/avr51\libgcc.a(_clear_bss.o)
 *(.data*)
 *(.rodata)
 *(.rodata*)
 *(.gnu.linkonce.d*)
                0x00800a6c                . = ALIGN (0x2)
                0x00800a6c                _edata = .
                0x00800a6c                PROVIDE (__data_end, .)

.bss            0x00800a6c       0x10
                0x00800a6c                PROVIDE (__bss_start, .)
 *(.bss)
 .bss           0x00800a6c        0x0 d:/program files/winavr-20100110/bin/../lib/gcc/avr/4.3.3/../../../../avr/lib/avr51/crtm128.o
 .bss           0x00800a6c        0x0 main.o
 .bss           0x00800a6c        0x0 LCD_lib.o
 .bss           0x00800a6c        0x0 LTM022A69B.o
 .bss           0x00800a6c        0x0 Touch.o
 .bss           0x00800a6c        0x0 d:/program files/winavr-20100110/bin/../lib/gcc/avr/4.3.3/avr51\libgcc.a(_mulsi3.o)
 .bss           0x00800a6c        0x0 d:/program files/winavr-20100110/bin/../lib/gcc/avr/4.3.3/avr51\libgcc.a(_udivmodsi4.o)
 .bss           0x00800a6c        0x0 d:/program files/winavr-20100110/bin/../lib/gcc/avr/4.3.3/avr51\libgcc.a(_exit.o)
 .bss           0x00800a6c        0x0 d:/program files/winavr-20100110/bin/../lib/gcc/avr/4.3.3/avr51\libgcc.a(_clear_bss.o)
 *(.bss*)
 *(COMMON)
 COMMON         0x00800a6c        0x1 main.o
                0x00800a6c                read_res
 COMMON         0x00800a6d        0xf Touch.o
                0x00800a6d                touch_dot
                0x00800a7a                p_touch_dot
                0x00800a7c                PROVIDE (__bss_end, .)
                0x0000124e                __data_load_start = LOADADDR (.data)
                0x00001bba                __data_load_end = (__data_load_start + SIZEOF (.data))

.noinit         0x00800a7c        0x0
                0x00800a7c                PROVIDE (__noinit_start, .)
 *(.noinit*)
                0x00800a7c                PROVIDE (__noinit_end, .)
                0x00800a7c                _end = .
                0x00800a7c                PROVIDE (__heap_start, .)

.eeprom         0x00810000        0x0
 *(.eeprom*)
                0x00810000                __eeprom_end = .

.fuse
 *(.fuse)
 *(.lfuse)
 *(.hfuse)
 *(.efuse)

.lock
 *(.lock*)

.signature
 *(.signature*)

.stab
 *(.stab)

.stabstr
 *(.stabstr)

.stab.excl
 *(.stab.excl)

.stab.exclstr
 *(.stab.exclstr)

.stab.index
 *(.stab.index)

.stab.indexstr
 *(.stab.indexstr)

.comment
 *(.comment)

.debug
 *(.debug)

.line
 *(.line)

.debug_srcinfo
 *(.debug_srcinfo)

.debug_sfnames
 *(.debug_sfnames)

.debug_aranges  0x00000000       0x60
 *(.debug_aranges)
 .debug_aranges
                0x00000000       0x20 main.o
 .debug_aranges
                0x00000020       0x20 LTM022A69B.o
 .debug_aranges
                0x00000040       0x20 Touch.o

.debug_pubnames
                0x00000000      0x318
 *(.debug_pubnames)
 .debug_pubnames
                0x00000000       0x40 main.o
 .debug_pubnames
                0x00000040       0x27 LCD_lib.o
 .debug_pubnames
                0x00000067      0x1bf LTM022A69B.o
 .debug_pubnames
                0x00000226       0xf2 Touch.o

.debug_info     0x00000000     0x12e0
 *(.debug_info)
 .debug_info    0x00000000      0x10c main.o
 .debug_info    0x0000010c       0x85 LCD_lib.o
 .debug_info    0x00000191      0xcb6 LTM022A69B.o
 .debug_info    0x00000e47      0x499 Touch.o
 *(.gnu.linkonce.wi.*)

.debug_abbrev   0x00000000      0x572
 *(.debug_abbrev)
 .debug_abbrev  0x00000000       0xbd main.o
 .debug_abbrev  0x000000bd       0x5b LCD_lib.o
 .debug_abbrev  0x00000118      0x2a2 LTM022A69B.o
 .debug_abbrev  0x000003ba      0x1b8 Touch.o

.debug_line     0x00000000     0x10bc
 *(.debug_line)
 .debug_line    0x00000000      0x105 main.o
 .debug_line    0x00000105       0x4e LCD_lib.o
 .debug_line    0x00000153      0xbc8 LTM022A69B.o
 .debug_line    0x00000d1b      0x3a1 Touch.o

.debug_frame    0x00000000      0x260
 *(.debug_frame)
 .debug_frame   0x00000000       0x30 main.o
 .debug_frame   0x00000030      0x170 LTM022A69B.o
 .debug_frame   0x000001a0       0xc0 Touch.o

.debug_str      0x00000000      0x407
 *(.debug_str)
 .debug_str     0x00000000       0xc4 main.o
                                0x10d (size before relaxing)
 .debug_str     0x000000c4       0x13 LCD_lib.o
                                 0x70 (size before relaxing)
 .debug_str     0x000000d7      0x25a LTM022A69B.o
                                0x327 (size before relaxing)
 .debug_str     0x00000331       0xd6 Touch.o
                                0x22f (size before relaxing)

.debug_loc      0x00000000      0xe3a
 *(.debug_loc)
 .debug_loc     0x00000000      0xbe3 LTM022A69B.o
 .debug_loc     0x00000be3      0x257 Touch.o

.debug_macinfo
 *(.debug_macinfo)
OUTPUT(LCD22.elf elf32-avr)
LOAD linker stubs

.debug_ranges   0x00000000       0x78
 .debug_ranges  0x00000000       0x78 LTM022A69B.o
